d:\github\tp2-inf147\laboratoire 2 inf147\laborato.5277399a\x64\debug\vc143.pdb
d:\github\tp2-inf147\laboratoire 2 inf147\laborato.5277399a\x64\debug\vc143.idb
d:\github\tp2-inf147\laboratoire 2 inf147\laborato.5277399a\x64\debug\winconsole.obj
d:\github\tp2-inf147\laboratoire 2 inf147\laborato.5277399a\x64\debug\t_personnes.obj
d:\github\tp2-inf147\laboratoire 2 inf147\laborato.5277399a\x64\debug\t_even.obj
d:\github\tp2-inf147\laboratoire 2 inf147\laborato.5277399a\x64\debug\t_ascenseur.obj
d:\github\tp2-inf147\laboratoire 2 inf147\laborato.5277399a\x64\debug\test_unitaire.obj
d:\github\tp2-inf147\laboratoire 2 inf147\laborato.5277399a\x64\debug\main.obj
d:\github\tp2-inf147\laboratoire 2 inf147\laborato.5277399a\x64\debug\file_lib.obj
d:\github\tp2-inf147\laboratoire 2 inf147\laborato.5277399a\x64\debug\affichage.obj
d:\github\tp2-inf147\laboratoire 2 inf147\laborato.5277399a\x64\debug\t_liste_even.obj
d:\github\tp2-inf147\laboratoire 2 inf147\laborato.5277399a\x64\debug\laboratoire 2 inf147.ilk
d:\github\tp2-inf147\laboratoire 2 inf147\x64\debug\laboratoire 2 inf147.pdb
d:\github\tp2-inf147\laboratoire 2 inf147\x64\debug\laboratoire 2 inf147.exe
d:\github\tp2-inf147\laboratoire 2 inf147\laborato.5277399a\x64\debug\laborato.5277399a.tlog\cl.command.1.tlog
d:\github\tp2-inf147\laboratoire 2 inf147\laborato.5277399a\x64\debug\laborato.5277399a.tlog\cl.items.tlog
d:\github\tp2-inf147\laboratoire 2 inf147\laborato.5277399a\x64\debug\laborato.5277399a.tlog\cl.read.1.tlog
d:\github\tp2-inf147\laboratoire 2 inf147\laborato.5277399a\x64\debug\laborato.5277399a.tlog\cl.write.1.tlog
d:\github\tp2-inf147\laboratoire 2 inf147\laborato.5277399a\x64\debug\laborato.5277399a.tlog\link.command.1.tlog
d:\github\tp2-inf147\laboratoire 2 inf147\laborato.5277399a\x64\debug\laborato.5277399a.tlog\link.read.1.tlog
d:\github\tp2-inf147\laboratoire 2 inf147\laborato.5277399a\x64\debug\laborato.5277399a.tlog\link.secondary.1.tlog
d:\github\tp2-inf147\laboratoire 2 inf147\laborato.5277399a\x64\debug\laborato.5277399a.tlog\link.write.1.tlog
